C51 COMPILER V9.60.0.0   7SEGMENT                                                          07/07/2021 21:02:23 PAGE 1   


C51 COMPILER V9.60.0.0, COMPILATION OF MODULE 7SEGMENT
OBJECT MODULE PLACED IN .\Objects\7segment.obj
COMPILER INVOKED BY: C:\Keil_v5\C51\BIN\C51.EXE 7segment.c OPTIMIZE(8,SPEED) BROWSE DEBUG OBJECTEXTEND PRINT(.\Listings\
                    -7segment.lst) TABS(2) OBJECT(.\Objects\7segment.obj)

line level    source

   1          #include "reg51.h"
   2          void delay(int ms);
   3          void main()
   4          {
   5   1         char c[10]={0x3F,0x06,0x5B,0x4F,0x66,0x6D,0x7D,0x07,0x7F,0x6F};
   6   1         
   7   1         while(1)
   8   1          { 
   9   2              int l;
  10   2           for(l=0;l<=9;l++)
  11   2         {  
  12   3             P2=c[l];
  13   3                 
  14   3           delay(500);
  15   3           }
  16   2           }
  17   1         }     
  18                void delay(int ms)
  19                {    int i,j;
  20   1              for(i=0;i<=ms;i++)
  21   1              {  
  22   2                 for(j=0;j<=5000;j++);
  23   2               {
  24   3               }
  25   2               }
  26   1           }


MODULE INFORMATION:   STATIC OVERLAYABLE
   CODE SIZE        =     98    ----
   CONSTANT SIZE    =     10    ----
   XDATA SIZE       =   ----    ----
   PDATA SIZE       =   ----    ----
   DATA SIZE        =   ----      12
   IDATA SIZE       =   ----    ----
   BIT SIZE         =   ----    ----
END OF MODULE INFORMATION.


C51 COMPILATION COMPLETE.  0 WARNING(S),  0 ERROR(S)
